<!doctype html>
<html>
<head>
  <meta charset="utf-8">
  <title>My website</title>
</head>
  <body>
  <header>My website : My title</header>

  <section>
    <p>
  Lorem ipsum<br />
  <!-- My comment -->
  dolor sit amet
</p>
  </section>

  <footer>
  (c) Me - 2013
</footer>
  </body>
</html>
