<!doctype html>
<html>
  <head>
    <meta charset="utf-8">
    <title>My website</title>
  </head>
  <body>
    <header>My website</header>

    <section>Hello world !</section>

    <footer>
  (c) Me - 2013
</footer>
  </body>
</html>
